Component: ARM Compiler 5.06 update 4 (build 422) Tool: armlink [4d35d2]

==============================================================================

Section Cross References

    main.o(i.TIM3_IRQHandler) refers to stm32f10x_tim.o(i.TIM_GetITStatus) for TIM_GetITStatus
    main.o(i.TIM3_IRQHandler) refers to encoder.o(i.Get_Motor_Speed) for Get_Motor_Speed
    main.o(i.TIM3_IRQHandler) refers to pid.o(i.Pid_Ctrl) for Pid_Ctrl
    main.o(i.TIM3_IRQHandler) refers to communicate.o(i.usartSendData) for usartSendData
    main.o(i.TIM3_IRQHandler) refers to pwm_motor.o(i.Set_Speed) for Set_Speed
    main.o(i.TIM3_IRQHandler) refers to pwm_motor.o(i.Set_Angle) for Set_Angle
    main.o(i.TIM3_IRQHandler) refers to stm32f10x_tim.o(i.TIM_ClearITPendingBit) for TIM_ClearITPendingBit
    main.o(i.TIM3_IRQHandler) refers to main.o(.data) for i
    main.o(i.TIM3_IRQHandler) refers to pwm_motor.o(.data) for speedNow
    main.o(i.TIM3_IRQHandler) refers to pid.o(.bss) for pid_Task
    main.o(i.TIM3_IRQHandler) refers to communicate.o(.data) for sendCtrlFlag
    main.o(i.USART1_IRQHandler) refers to stm32f10x_usart.o(i.USART_GetITStatus) for USART_GetITStatus
    main.o(i.USART1_IRQHandler) refers to communicate.o(i.usartReceiveOneData) for usartReceiveOneData
    main.o(i.USART1_IRQHandler) refers to stm32f10x_usart.o(i.USART_ClearITPendingBit) for USART_ClearITPendingBit
    main.o(i.USART1_IRQHandler) refers to communicate.o(.data) for receCtrlFlag
    main.o(i.USART1_IRQHandler) refers to pwm_motor.o(.data) for servoSet
    main.o(i.main) refers to systick.o(i.SysTick_Init) for SysTick_Init
    main.o(i.main) refers to misc.o(i.NVIC_PriorityGroupConfig) for NVIC_PriorityGroupConfig
    main.o(i.main) refers to pwm_motor.o(i.Motor_Init) for Motor_Init
    main.o(i.main) refers to pwm_motor.o(i.Servo_Init) for Servo_Init
    main.o(i.main) refers to encoder.o(i.Encoder_Init_TIM4) for Encoder_Init_TIM4
    main.o(i.main) refers to pid.o(i.PID_Init) for PID_Init
    main.o(i.main) refers to communicate.o(i.Communicate_init) for Communicate_init
    main.o(i.main) refers to pwm_motor.o(i.Set_Speed) for Set_Speed
    main.o(i.main) refers to pwm_motor.o(i.Set_Angle) for Set_Angle
    startup_stm32f10x_hd.o(RESET) refers to startup_stm32f10x_hd.o(STACK) for __initial_sp
    startup_stm32f10x_hd.o(RESET) refers to startup_stm32f10x_hd.o(.text) for Reset_Handler
    startup_stm32f10x_hd.o(RESET) refers to stm32f10x_it.o(i.NMI_Handler) for NMI_Handler
    startup_stm32f10x_hd.o(RESET) refers to stm32f10x_it.o(i.HardFault_Handler) for HardFault_Handler
    startup_stm32f10x_hd.o(RESET) refers to stm32f10x_it.o(i.MemManage_Handler) for MemManage_Handler
    startup_stm32f10x_hd.o(RESET) refers to stm32f10x_it.o(i.BusFault_Handler) for BusFault_Handler
    startup_stm32f10x_hd.o(RESET) refers to stm32f10x_it.o(i.UsageFault_Handler) for UsageFault_Handler
    startup_stm32f10x_hd.o(RESET) refers to stm32f10x_it.o(i.SVC_Handler) for SVC_Handler
    startup_stm32f10x_hd.o(RESET) refers to stm32f10x_it.o(i.DebugMon_Handler) for DebugMon_Handler
    startup_stm32f10x_hd.o(RESET) refers to stm32f10x_it.o(i.PendSV_Handler) for PendSV_Handler
    startup_stm32f10x_hd.o(RESET) refers to stm32f10x_it.o(i.SysTick_Handler) for SysTick_Handler
    startup_stm32f10x_hd.o(RESET) refers to main.o(i.TIM3_IRQHandler) for TIM3_IRQHandler
    startup_stm32f10x_hd.o(RESET) refers to main.o(i.USART1_IRQHandler) for USART1_IRQHandler
    startup_stm32f10x_hd.o(.text) refers to system_stm32f10x.o(i.SystemInit) for SystemInit
    startup_stm32f10x_hd.o(.text) refers to entry.o(.ARM.Collect$$$$00000000) for __main
    stm32f10x_gpio.o(i.GPIO_AFIODeInit) refers to stm32f10x_rcc.o(i.RCC_APB2PeriphResetCmd) for RCC_APB2PeriphResetCmd
    stm32f10x_gpio.o(i.GPIO_DeInit) refers to stm32f10x_rcc.o(i.RCC_APB2PeriphResetCmd) for RCC_APB2PeriphResetCmd
    stm32f10x_rcc.o(i.RCC_GetClocksFreq) refers to stm32f10x_rcc.o(.data) for APBAHBPrescTable
    stm32f10x_rcc.o(i.RCC_WaitForHSEStartUp) refers to stm32f10x_rcc.o(i.RCC_GetFlagStatus) for RCC_GetFlagStatus
    stm32f10x_tim.o(i.TIM_DeInit) refers to stm32f10x_rcc.o(i.RCC_APB2PeriphResetCmd) for RCC_APB2PeriphResetCmd
    stm32f10x_tim.o(i.TIM_DeInit) refers to stm32f10x_rcc.o(i.RCC_APB1PeriphResetCmd) for RCC_APB1PeriphResetCmd
    stm32f10x_tim.o(i.TIM_ETRClockMode1Config) refers to stm32f10x_tim.o(i.TIM_ETRConfig) for TIM_ETRConfig
    stm32f10x_tim.o(i.TIM_ETRClockMode2Config) refers to stm32f10x_tim.o(i.TIM_ETRConfig) for TIM_ETRConfig
    stm32f10x_tim.o(i.TIM_ICInit) refers to stm32f10x_tim.o(i.TI1_Config) for TI1_Config
    stm32f10x_tim.o(i.TIM_ICInit) refers to stm32f10x_tim.o(i.TIM_SetIC1Prescaler) for TIM_SetIC1Prescaler
    stm32f10x_tim.o(i.TIM_ICInit) refers to stm32f10x_tim.o(i.TI2_Config) for TI2_Config
    stm32f10x_tim.o(i.TIM_ICInit) refers to stm32f10x_tim.o(i.TIM_SetIC2Prescaler) for TIM_SetIC2Prescaler
    stm32f10x_tim.o(i.TIM_ICInit) refers to stm32f10x_tim.o(i.TI3_Config) for TI3_Config
    stm32f10x_tim.o(i.TIM_ICInit) refers to stm32f10x_tim.o(i.TIM_SetIC3Prescaler) for TIM_SetIC3Prescaler
    stm32f10x_tim.o(i.TIM_ICInit) refers to stm32f10x_tim.o(i.TI4_Config) for TI4_Config
    stm32f10x_tim.o(i.TIM_ICInit) refers to stm32f10x_tim.o(i.TIM_SetIC4Prescaler) for TIM_SetIC4Prescaler
    stm32f10x_tim.o(i.TIM_ITRxExternalClockConfig) refers to stm32f10x_tim.o(i.TIM_SelectInputTrigger) for TIM_SelectInputTrigger
    stm32f10x_tim.o(i.TIM_PWMIConfig) refers to stm32f10x_tim.o(i.TI1_Config) for TI1_Config
    stm32f10x_tim.o(i.TIM_PWMIConfig) refers to stm32f10x_tim.o(i.TIM_SetIC1Prescaler) for TIM_SetIC1Prescaler
    stm32f10x_tim.o(i.TIM_PWMIConfig) refers to stm32f10x_tim.o(i.TI2_Config) for TI2_Config
    stm32f10x_tim.o(i.TIM_PWMIConfig) refers to stm32f10x_tim.o(i.TIM_SetIC2Prescaler) for TIM_SetIC2Prescaler
    stm32f10x_tim.o(i.TIM_TIxExternalClockConfig) refers to stm32f10x_tim.o(i.TI2_Config) for TI2_Config
    stm32f10x_tim.o(i.TIM_TIxExternalClockConfig) refers to stm32f10x_tim.o(i.TI1_Config) for TI1_Config
    stm32f10x_tim.o(i.TIM_TIxExternalClockConfig) refers to stm32f10x_tim.o(i.TIM_SelectInputTrigger) for TIM_SelectInputTrigger
    stm32f10x_usart.o(i.USART_DeInit) refers to stm32f10x_rcc.o(i.RCC_APB2PeriphResetCmd) for RCC_APB2PeriphResetCmd
    stm32f10x_usart.o(i.USART_DeInit) refers to stm32f10x_rcc.o(i.RCC_APB1PeriphResetCmd) for RCC_APB1PeriphResetCmd
    stm32f10x_usart.o(i.USART_Init) refers to stm32f10x_rcc.o(i.RCC_GetClocksFreq) for RCC_GetClocksFreq
    system_stm32f10x.o(i.SetSysClock) refers to system_stm32f10x.o(i.SetSysClockTo72) for SetSysClockTo72
    system_stm32f10x.o(i.SystemCoreClockUpdate) refers to system_stm32f10x.o(.data) for SystemCoreClock
    system_stm32f10x.o(i.SystemInit) refers to system_stm32f10x.o(i.SetSysClock) for SetSysClock
    led.o(i.LED_Init) refers to stm32f10x_rcc.o(i.RCC_APB2PeriphClockCmd) for RCC_APB2PeriphClockCmd
    led.o(i.LED_Init) refers to stm32f10x_gpio.o(i.GPIO_Init) for GPIO_Init
    led.o(i.LED_Init) refers to stm32f10x_gpio.o(i.GPIO_ResetBits) for GPIO_ResetBits
    pwm_motor.o(i.Motor_Init) refers to stm32f10x_rcc.o(i.RCC_APB2PeriphClockCmd) for RCC_APB2PeriphClockCmd
    pwm_motor.o(i.Motor_Init) refers to stm32f10x_rcc.o(i.RCC_APB1PeriphClockCmd) for RCC_APB1PeriphClockCmd
    pwm_motor.o(i.Motor_Init) refers to stm32f10x_gpio.o(i.GPIO_Init) for GPIO_Init
    pwm_motor.o(i.Motor_Init) refers to stm32f10x_gpio.o(i.GPIO_ResetBits) for GPIO_ResetBits
    pwm_motor.o(i.Motor_Init) refers to stm32f10x_tim.o(i.TIM_TimeBaseInit) for TIM_TimeBaseInit
    pwm_motor.o(i.Motor_Init) refers to stm32f10x_tim.o(i.TIM_OC1Init) for TIM_OC1Init
    pwm_motor.o(i.Motor_Init) refers to stm32f10x_tim.o(i.TIM_OC1PreloadConfig) for TIM_OC1PreloadConfig
    pwm_motor.o(i.Motor_Init) refers to stm32f10x_tim.o(i.TIM_ARRPreloadConfig) for TIM_ARRPreloadConfig
    pwm_motor.o(i.Motor_Init) refers to stm32f10x_tim.o(i.TIM_ITConfig) for TIM_ITConfig
    pwm_motor.o(i.Motor_Init) refers to misc.o(i.NVIC_Init) for NVIC_Init
    pwm_motor.o(i.Motor_Init) refers to stm32f10x_tim.o(i.TIM_Cmd) for TIM_Cmd
    pwm_motor.o(i.Servo_Init) refers to stm32f10x_rcc.o(i.RCC_APB2PeriphClockCmd) for RCC_APB2PeriphClockCmd
    pwm_motor.o(i.Servo_Init) refers to stm32f10x_rcc.o(i.RCC_APB1PeriphClockCmd) for RCC_APB1PeriphClockCmd
    pwm_motor.o(i.Servo_Init) refers to stm32f10x_gpio.o(i.GPIO_Init) for GPIO_Init
    pwm_motor.o(i.Servo_Init) refers to stm32f10x_tim.o(i.TIM_TimeBaseInit) for TIM_TimeBaseInit
    pwm_motor.o(i.Servo_Init) refers to stm32f10x_tim.o(i.TIM_OC1Init) for TIM_OC1Init
    pwm_motor.o(i.Servo_Init) refers to stm32f10x_tim.o(i.TIM_OC1PreloadConfig) for TIM_OC1PreloadConfig
    pwm_motor.o(i.Servo_Init) refers to stm32f10x_tim.o(i.TIM_ARRPreloadConfig) for TIM_ARRPreloadConfig
    pwm_motor.o(i.Servo_Init) refers to stm32f10x_tim.o(i.TIM_Cmd) for TIM_Cmd
    pwm_motor.o(i.Set_Angle) refers to dfltui.o(.text) for __aeabi_ui2d
    pwm_motor.o(i.Set_Angle) refers to dmul.o(.text) for __aeabi_dmul
    pwm_motor.o(i.Set_Angle) refers to ddiv.o(.text) for __aeabi_ddiv
    pwm_motor.o(i.Set_Angle) refers to dadd.o(.text) for __aeabi_dadd
    pwm_motor.o(i.Set_Angle) refers to dfixui.o(.text) for __aeabi_d2uiz
    pwm_motor.o(i.Set_Angle) refers to stm32f10x_tim.o(i.TIM_SetCompare2) for TIM_SetCompare2
    pwm_motor.o(i.Set_Speed) refers to stm32f10x_tim.o(i.TIM_SetCompare1) for TIM_SetCompare1
    pwm_motor.o(i.Set_Speed) refers to pwm_motor.o(.data) for speedSet
    encoder.o(i.Encoder_Init_TIM4) refers to stm32f10x_rcc.o(i.RCC_APB1PeriphClockCmd) for RCC_APB1PeriphClockCmd
    encoder.o(i.Encoder_Init_TIM4) refers to stm32f10x_rcc.o(i.RCC_APB2PeriphClockCmd) for RCC_APB2PeriphClockCmd
    encoder.o(i.Encoder_Init_TIM4) refers to stm32f10x_gpio.o(i.GPIO_Init) for GPIO_Init
    encoder.o(i.Encoder_Init_TIM4) refers to stm32f10x_tim.o(i.TIM_TimeBaseStructInit) for TIM_TimeBaseStructInit
    encoder.o(i.Encoder_Init_TIM4) refers to stm32f10x_tim.o(i.TIM_TimeBaseInit) for TIM_TimeBaseInit
    encoder.o(i.Encoder_Init_TIM4) refers to stm32f10x_tim.o(i.TIM_EncoderInterfaceConfig) for TIM_EncoderInterfaceConfig
    encoder.o(i.Encoder_Init_TIM4) refers to stm32f10x_tim.o(i.TIM_ICStructInit) for TIM_ICStructInit
    encoder.o(i.Encoder_Init_TIM4) refers to stm32f10x_tim.o(i.TIM_ICInit) for TIM_ICInit
    encoder.o(i.Encoder_Init_TIM4) refers to stm32f10x_tim.o(i.TIM_ClearFlag) for TIM_ClearFlag
    encoder.o(i.Encoder_Init_TIM4) refers to stm32f10x_tim.o(i.TIM_ITConfig) for TIM_ITConfig
    encoder.o(i.Encoder_Init_TIM4) refers to stm32f10x_tim.o(i.TIM_SetCounter) for TIM_SetCounter
    encoder.o(i.Encoder_Init_TIM4) refers to stm32f10x_tim.o(i.TIM_Cmd) for TIM_Cmd
    encoder.o(i.Get_Motor_Speed) refers to encoder.o(i.getTIMx_DetaCnt) for getTIMx_DetaCnt
    encoder.o(i.Get_Motor_Speed) refers to dflti.o(.text) for __aeabi_i2d
    encoder.o(i.Get_Motor_Speed) refers to dmul.o(.text) for __aeabi_dmul
    encoder.o(i.Get_Motor_Speed) refers to dfixi.o(.text) for __aeabi_d2iz
    pid.o(i.PID_Init) refers to pid.o(i.reset_Uk) for reset_Uk
    pid.o(i.PID_Init) refers to pid.o(.bss) for pid_Task
    pid.o(i.Pid_Ctrl) refers to pid.o(i.Pid_Which) for Pid_Which
    pid.o(i.Pid_Ctrl) refers to pid.o(.bss) for pid_Task
    pid.o(i.Pid_Which) refers to pid.o(i.PID_common) for PID_common
    pid.o(i.Pid_Which) refers to pid.o(i.reset_Uk) for reset_Uk
    communicate.o(i.Communicate_init) refers to stm32f10x_rcc.o(i.RCC_APB2PeriphClockCmd) for RCC_APB2PeriphClockCmd
    communicate.o(i.Communicate_init) refers to stm32f10x_gpio.o(i.GPIO_Init) for GPIO_Init
    communicate.o(i.Communicate_init) refers to misc.o(i.NVIC_Init) for NVIC_Init
    communicate.o(i.Communicate_init) refers to stm32f10x_usart.o(i.USART_Init) for USART_Init
    communicate.o(i.Communicate_init) refers to stm32f10x_usart.o(i.USART_ITConfig) for USART_ITConfig
    communicate.o(i.Communicate_init) refers to stm32f10x_usart.o(i.USART_Cmd) for USART_Cmd
    communicate.o(i.USART_Send_String) refers to communicate.o(.data) for length
    communicate.o(i.usartReceiveOneData) refers to stm32f10x_usart.o(i.USART_ReceiveData) for USART_ReceiveData
    communicate.o(i.usartReceiveOneData) refers to communicate.o(i.getCrc8) for getCrc8
    communicate.o(i.usartReceiveOneData) refers to communicate.o(.data) for Start_Flag
    communicate.o(i.usartReceiveOneData) refers to communicate.o(.constdata) for header
    communicate.o(i.usartReceiveOneData) refers to communicate.o(.bss) for receiveBuff
    communicate.o(i.usartSendData) refers to communicate.o(i.getCrc8) for getCrc8
    communicate.o(i.usartSendData) refers to communicate.o(i.USART_Send_String) for USART_Send_String
    communicate.o(i.usartSendData) refers to communicate.o(.data) for velNow
    communicate.o(i.usartSendData) refers to communicate.o(.constdata) for header
    systick.o(i.SysTick_Init) refers to misc.o(i.SysTick_CLKSourceConfig) for SysTick_CLKSourceConfig
    systick.o(i.SysTick_Init) refers to systick.o(.data) for fac_us
    systick.o(i.delay_ms) refers to systick.o(.data) for fac_ms
    systick.o(i.delay_us) refers to systick.o(.data) for fac_us
    usart.o(i.USART1_Init) refers to stm32f10x_rcc.o(i.RCC_APB2PeriphClockCmd) for RCC_APB2PeriphClockCmd
    usart.o(i.USART1_Init) refers to stm32f10x_gpio.o(i.GPIO_Init) for GPIO_Init
    usart.o(i.USART1_Init) refers to stm32f10x_usart.o(i.USART_Init) for USART_Init
    usart.o(i.USART1_Init) refers to stm32f10x_usart.o(i.USART_Cmd) for USART_Cmd
    usart.o(i.USART1_Init) refers to stm32f10x_usart.o(i.USART_ClearFlag) for USART_ClearFlag
    usart.o(i.USART1_Init) refers to stm32f10x_usart.o(i.USART_ITConfig) for USART_ITConfig
    usart.o(i.USART1_Init) refers to misc.o(i.NVIC_Init) for NVIC_Init
    usart.o(i.fputc) refers to stm32f10x_usart.o(i.USART_SendData) for USART_SendData
    usart.o(i.fputc) refers to stm32f10x_usart.o(i.USART_GetFlagStatus) for USART_GetFlagStatus
    entry.o(.ARM.Collect$$$$00000000) refers (Special) to entry10a.o(.ARM.Collect$$$$0000000D) for __rt_final_cpp
    entry.o(.ARM.Collect$$$$00000000) refers (Special) to entry11a.o(.ARM.Collect$$$$0000000F) for __rt_final_exit
    entry.o(.ARM.Collect$$$$00000000) refers (Special) to entry7b.o(.ARM.Collect$$$$00000008) for _main_clock
    entry.o(.ARM.Collect$$$$00000000) refers (Special) to entry8b.o(.ARM.Collect$$$$0000000A) for _main_cpp_init
    entry.o(.ARM.Collect$$$$00000000) refers (Special) to entry9a.o(.ARM.Collect$$$$0000000B) for _main_init
    entry.o(.ARM.Collect$$$$00000000) refers (Special) to entry5.o(.ARM.Collect$$$$00000004) for _main_scatterload
    entry.o(.ARM.Collect$$$$00000000) refers (Special) to entry2.o(.ARM.Collect$$$$00000001) for _main_stk
    dadd.o(.text) refers (Special) to iusefp.o(.text) for __I$use$fp
    dadd.o(.text) refers to llshl.o(.text) for __aeabi_llsl
    dadd.o(.text) refers to llsshr.o(.text) for __aeabi_lasr
    dadd.o(.text) refers to depilogue.o(.text) for _double_epilogue
    dmul.o(.text) refers (Special) to iusefp.o(.text) for __I$use$fp
    dmul.o(.text) refers to depilogue.o(.text) for _double_epilogue
    ddiv.o(.text) refers (Special) to iusefp.o(.text) for __I$use$fp
    ddiv.o(.text) refers to depilogue.o(.text) for _double_round
    dflti.o(.text) refers (Special) to iusefp.o(.text) for __I$use$fp
    dflti.o(.text) refers to depilogue.o(.text) for _double_epilogue
    dfltui.o(.text) refers (Special) to iusefp.o(.text) for __I$use$fp
    dfltui.o(.text) refers to depilogue.o(.text) for _double_epilogue
    dfixi.o(.text) refers (Special) to iusefp.o(.text) for __I$use$fp
    dfixi.o(.text) refers to llushr.o(.text) for __aeabi_llsr
    dfixui.o(.text) refers (Special) to iusefp.o(.text) for __I$use$fp
    dfixui.o(.text) refers to llushr.o(.text) for __aeabi_llsr
    entry2.o(.ARM.Collect$$$$00000001) refers to entry2.o(.ARM.Collect$$$$00002712) for __lit__00000000
    entry2.o(.ARM.Collect$$$$00002712) refers to startup_stm32f10x_hd.o(STACK) for __initial_sp
    entry2.o(__vectab_stack_and_reset_area) refers to startup_stm32f10x_hd.o(STACK) for __initial_sp
    entry2.o(__vectab_stack_and_reset_area) refers to entry.o(.ARM.Collect$$$$00000000) for __main
    entry5.o(.ARM.Collect$$$$00000004) refers to init.o(.text) for __scatterload
    entry9a.o(.ARM.Collect$$$$0000000B) refers to main.o(i.main) for main
    entry9b.o(.ARM.Collect$$$$0000000C) refers to main.o(i.main) for main
    depilogue.o(.text) refers to llshl.o(.text) for __aeabi_llsl
    depilogue.o(.text) refers to llushr.o(.text) for __aeabi_llsr
    init.o(.text) refers to entry5.o(.ARM.Collect$$$$00000004) for __main_after_scatterload


==============================================================================

Removing Unused input sections from the image.

    Removing startup_stm32f10x_hd.o(HEAP), (512 bytes).
    Removing stm32f10x_gpio.o(i.GPIO_AFIODeInit), (20 bytes).
    Removing stm32f10x_gpio.o(i.GPIO_DeInit), (200 bytes).
    Removing stm32f10x_gpio.o(i.GPIO_ETH_MediaInterfaceConfig), (12 bytes).
    Removing stm32f10x_gpio.o(i.GPIO_EXTILineConfig), (64 bytes).
    Removing stm32f10x_gpio.o(i.GPIO_EventOutputCmd), (12 bytes).
    Removing stm32f10x_gpio.o(i.GPIO_EventOutputConfig), (32 bytes).
    Removing stm32f10x_gpio.o(i.GPIO_PinLockConfig), (18 bytes).
    Removing stm32f10x_gpio.o(i.GPIO_PinRemapConfig), (144 bytes).
    Removing stm32f10x_gpio.o(i.GPIO_ReadInputData), (8 bytes).
    Removing stm32f10x_gpio.o(i.GPIO_ReadInputDataBit), (18 bytes).
    Removing stm32f10x_gpio.o(i.GPIO_ReadOutputData), (8 bytes).
    Removing stm32f10x_gpio.o(i.GPIO_ReadOutputDataBit), (18 bytes).
    Removing stm32f10x_gpio.o(i.GPIO_SetBits), (4 bytes).
    Removing stm32f10x_gpio.o(i.GPIO_StructInit), (16 bytes).
    Removing stm32f10x_gpio.o(i.GPIO_Write), (4 bytes).
    Removing stm32f10x_gpio.o(i.GPIO_WriteBit), (10 bytes).
    Removing stm32f10x_rcc.o(i.RCC_ADCCLKConfig), (24 bytes).
    Removing stm32f10x_rcc.o(i.RCC_AHBPeriphClockCmd), (32 bytes).
    Removing stm32f10x_rcc.o(i.RCC_APB1PeriphResetCmd), (32 bytes).
    Removing stm32f10x_rcc.o(i.RCC_APB2PeriphResetCmd), (32 bytes).
    Removing stm32f10x_rcc.o(i.RCC_AdjustHSICalibrationValue), (24 bytes).
    Removing stm32f10x_rcc.o(i.RCC_BackupResetCmd), (12 bytes).
    Removing stm32f10x_rcc.o(i.RCC_ClearFlag), (20 bytes).
    Removing stm32f10x_rcc.o(i.RCC_ClearITPendingBit), (12 bytes).
    Removing stm32f10x_rcc.o(i.RCC_ClockSecuritySystemCmd), (12 bytes).
    Removing stm32f10x_rcc.o(i.RCC_DeInit), (76 bytes).
    Removing stm32f10x_rcc.o(i.RCC_GetFlagStatus), (60 bytes).
    Removing stm32f10x_rcc.o(i.RCC_GetITStatus), (24 bytes).
    Removing stm32f10x_rcc.o(i.RCC_GetSYSCLKSource), (16 bytes).
    Removing stm32f10x_rcc.o(i.RCC_HCLKConfig), (24 bytes).
    Removing stm32f10x_rcc.o(i.RCC_HSEConfig), (76 bytes).
    Removing stm32f10x_rcc.o(i.RCC_HSICmd), (12 bytes).
    Removing stm32f10x_rcc.o(i.RCC_ITConfig), (32 bytes).
    Removing stm32f10x_rcc.o(i.RCC_LSEConfig), (52 bytes).
    Removing stm32f10x_rcc.o(i.RCC_LSICmd), (12 bytes).
    Removing stm32f10x_rcc.o(i.RCC_MCOConfig), (12 bytes).
    Removing stm32f10x_rcc.o(i.RCC_PCLK1Config), (24 bytes).
    Removing stm32f10x_rcc.o(i.RCC_PCLK2Config), (24 bytes).
    Removing stm32f10x_rcc.o(i.RCC_PLLCmd), (12 bytes).
    Removing stm32f10x_rcc.o(i.RCC_PLLConfig), (28 bytes).
    Removing stm32f10x_rcc.o(i.RCC_RTCCLKCmd), (12 bytes).
    Removing stm32f10x_rcc.o(i.RCC_RTCCLKConfig), (16 bytes).
    Removing stm32f10x_rcc.o(i.RCC_SYSCLKConfig), (24 bytes).
    Removing stm32f10x_rcc.o(i.RCC_USBCLKConfig), (12 bytes).
    Removing stm32f10x_rcc.o(i.RCC_WaitForHSEStartUp), (56 bytes).
    Removing misc.o(i.NVIC_SetVectorTable), (20 bytes).
    Removing misc.o(i.NVIC_SystemLPConfig), (32 bytes).
    Removing stm32f10x_exti.o(i.EXTI_ClearFlag), (12 bytes).
    Removing stm32f10x_exti.o(i.EXTI_ClearITPendingBit), (12 bytes).
    Removing stm32f10x_exti.o(i.EXTI_DeInit), (36 bytes).
    Removing stm32f10x_exti.o(i.EXTI_GenerateSWInterrupt), (16 bytes).
    Removing stm32f10x_exti.o(i.EXTI_GetFlagStatus), (24 bytes).
    Removing stm32f10x_exti.o(i.EXTI_GetITStatus), (40 bytes).
    Removing stm32f10x_exti.o(i.EXTI_Init), (148 bytes).
    Removing stm32f10x_exti.o(i.EXTI_StructInit), (16 bytes).
    Removing stm32f10x_tim.o(i.TIM_BDTRConfig), (32 bytes).
    Removing stm32f10x_tim.o(i.TIM_BDTRStructInit), (18 bytes).
    Removing stm32f10x_tim.o(i.TIM_CCPreloadControl), (24 bytes).
    Removing stm32f10x_tim.o(i.TIM_CCxCmd), (30 bytes).
    Removing stm32f10x_tim.o(i.TIM_CCxNCmd), (30 bytes).
    Removing stm32f10x_tim.o(i.TIM_ClearOC1Ref), (18 bytes).
    Removing stm32f10x_tim.o(i.TIM_ClearOC2Ref), (24 bytes).
    Removing stm32f10x_tim.o(i.TIM_ClearOC3Ref), (18 bytes).
    Removing stm32f10x_tim.o(i.TIM_ClearOC4Ref), (24 bytes).
    Removing stm32f10x_tim.o(i.TIM_CounterModeConfig), (18 bytes).
    Removing stm32f10x_tim.o(i.TIM_CtrlPWMOutputs), (30 bytes).
    Removing stm32f10x_tim.o(i.TIM_DMACmd), (18 bytes).
    Removing stm32f10x_tim.o(i.TIM_DMAConfig), (10 bytes).
    Removing stm32f10x_tim.o(i.TIM_DeInit), (488 bytes).
    Removing stm32f10x_tim.o(i.TIM_ETRClockMode1Config), (54 bytes).
    Removing stm32f10x_tim.o(i.TIM_ETRClockMode2Config), (32 bytes).
    Removing stm32f10x_tim.o(i.TIM_ETRConfig), (28 bytes).
    Removing stm32f10x_tim.o(i.TIM_ForcedOC1Config), (18 bytes).
    Removing stm32f10x_tim.o(i.TIM_ForcedOC2Config), (26 bytes).
    Removing stm32f10x_tim.o(i.TIM_ForcedOC3Config), (18 bytes).
    Removing stm32f10x_tim.o(i.TIM_ForcedOC4Config), (26 bytes).
    Removing stm32f10x_tim.o(i.TIM_GenerateEvent), (4 bytes).
    Removing stm32f10x_tim.o(i.TIM_GetCapture1), (6 bytes).
    Removing stm32f10x_tim.o(i.TIM_GetCapture2), (6 bytes).
    Removing stm32f10x_tim.o(i.TIM_GetCapture3), (6 bytes).
    Removing stm32f10x_tim.o(i.TIM_GetCapture4), (8 bytes).
    Removing stm32f10x_tim.o(i.TIM_GetCounter), (6 bytes).
    Removing stm32f10x_tim.o(i.TIM_GetFlagStatus), (18 bytes).
    Removing stm32f10x_tim.o(i.TIM_GetPrescaler), (6 bytes).
    Removing stm32f10x_tim.o(i.TIM_ITRxExternalClockConfig), (24 bytes).
    Removing stm32f10x_tim.o(i.TIM_InternalClockConfig), (12 bytes).
    Removing stm32f10x_tim.o(i.TIM_OC1FastConfig), (18 bytes).
    Removing stm32f10x_tim.o(i.TIM_OC1NPolarityConfig), (18 bytes).
    Removing stm32f10x_tim.o(i.TIM_OC1PolarityConfig), (18 bytes).
    Removing stm32f10x_tim.o(i.TIM_OC2FastConfig), (26 bytes).
    Removing stm32f10x_tim.o(i.TIM_OC2Init), (164 bytes).
    Removing stm32f10x_tim.o(i.TIM_OC2NPolarityConfig), (26 bytes).
    Removing stm32f10x_tim.o(i.TIM_OC2PolarityConfig), (26 bytes).
    Removing stm32f10x_tim.o(i.TIM_OC2PreloadConfig), (26 bytes).
    Removing stm32f10x_tim.o(i.TIM_OC3FastConfig), (18 bytes).
    Removing stm32f10x_tim.o(i.TIM_OC3Init), (160 bytes).
    Removing stm32f10x_tim.o(i.TIM_OC3NPolarityConfig), (26 bytes).
    Removing stm32f10x_tim.o(i.TIM_OC3PolarityConfig), (26 bytes).
    Removing stm32f10x_tim.o(i.TIM_OC3PreloadConfig), (18 bytes).
    Removing stm32f10x_tim.o(i.TIM_OC4FastConfig), (26 bytes).
    Removing stm32f10x_tim.o(i.TIM_OC4Init), (124 bytes).
    Removing stm32f10x_tim.o(i.TIM_OC4PolarityConfig), (26 bytes).
    Removing stm32f10x_tim.o(i.TIM_OC4PreloadConfig), (26 bytes).
    Removing stm32f10x_tim.o(i.TIM_OCStructInit), (20 bytes).
    Removing stm32f10x_tim.o(i.TIM_PWMIConfig), (124 bytes).
    Removing stm32f10x_tim.o(i.TIM_PrescalerConfig), (6 bytes).
    Removing stm32f10x_tim.o(i.TIM_SelectCCDMA), (24 bytes).
    Removing stm32f10x_tim.o(i.TIM_SelectCOM), (24 bytes).
    Removing stm32f10x_tim.o(i.TIM_SelectHallSensor), (24 bytes).
    Removing stm32f10x_tim.o(i.TIM_SelectInputTrigger), (18 bytes).
    Removing stm32f10x_tim.o(i.TIM_SelectMasterSlaveMode), (18 bytes).
    Removing stm32f10x_tim.o(i.TIM_SelectOCxM), (82 bytes).
    Removing stm32f10x_tim.o(i.TIM_SelectOnePulseMode), (18 bytes).
    Removing stm32f10x_tim.o(i.TIM_SelectOutputTrigger), (18 bytes).
    Removing stm32f10x_tim.o(i.TIM_SelectSlaveMode), (18 bytes).
    Removing stm32f10x_tim.o(i.TIM_SetAutoreload), (4 bytes).
    Removing stm32f10x_tim.o(i.TIM_SetClockDivision), (18 bytes).
    Removing stm32f10x_tim.o(i.TIM_SetCompare3), (4 bytes).
    Removing stm32f10x_tim.o(i.TIM_SetCompare4), (6 bytes).
    Removing stm32f10x_tim.o(i.TIM_TIxExternalClockConfig), (62 bytes).
    Removing stm32f10x_tim.o(i.TIM_UpdateDisableConfig), (24 bytes).
    Removing stm32f10x_tim.o(i.TIM_UpdateRequestConfig), (24 bytes).
    Removing stm32f10x_usart.o(i.USART_ClearFlag), (18 bytes).
    Removing stm32f10x_usart.o(i.USART_ClockInit), (34 bytes).
    Removing stm32f10x_usart.o(i.USART_ClockStructInit), (12 bytes).
    Removing stm32f10x_usart.o(i.USART_DMACmd), (18 bytes).
    Removing stm32f10x_usart.o(i.USART_DeInit), (156 bytes).
    Removing stm32f10x_usart.o(i.USART_GetFlagStatus), (26 bytes).
    Removing stm32f10x_usart.o(i.USART_HalfDuplexCmd), (24 bytes).
    Removing stm32f10x_usart.o(i.USART_IrDACmd), (24 bytes).
    Removing stm32f10x_usart.o(i.USART_IrDAConfig), (18 bytes).
    Removing stm32f10x_usart.o(i.USART_LINBreakDetectLengthConfig), (18 bytes).
    Removing stm32f10x_usart.o(i.USART_LINCmd), (24 bytes).
    Removing stm32f10x_usart.o(i.USART_OneBitMethodCmd), (24 bytes).
    Removing stm32f10x_usart.o(i.USART_OverSampling8Cmd), (22 bytes).
    Removing stm32f10x_usart.o(i.USART_ReceiverWakeUpCmd), (24 bytes).
    Removing stm32f10x_usart.o(i.USART_SendBreak), (10 bytes).
    Removing stm32f10x_usart.o(i.USART_SendData), (8 bytes).
    Removing stm32f10x_usart.o(i.USART_SetAddress), (18 bytes).
    Removing stm32f10x_usart.o(i.USART_SetGuardTime), (16 bytes).
    Removing stm32f10x_usart.o(i.USART_SetPrescaler), (16 bytes).
    Removing stm32f10x_usart.o(i.USART_SmartCardCmd), (24 bytes).
    Removing stm32f10x_usart.o(i.USART_SmartCardNACKCmd), (24 bytes).
    Removing stm32f10x_usart.o(i.USART_StructInit), (24 bytes).
    Removing stm32f10x_usart.o(i.USART_WakeUpConfig), (18 bytes).
    Removing system_stm32f10x.o(i.SystemCoreClockUpdate), (164 bytes).
    Removing system_stm32f10x.o(.data), (20 bytes).
    Removing core_cm3.o(.emb_text), (32 bytes).
    Removing led.o(i.LED_Init), (52 bytes).
    Removing systick.o(i.delay_ms), (76 bytes).
    Removing systick.o(i.delay_us), (76 bytes).
    Removing usart.o(i.USART1_Init), (184 bytes).
    Removing usart.o(i.fputc), (36 bytes).

154 unused section(s) (total 5888 bytes) removed from the image.

==============================================================================

Image Symbol Table

    Local Symbols

    Symbol Name                              Value     Ov Type        Size  Object(Section)

    ../clib/microlib/init/entry.s            0x00000000   Number         0  entry11b.o ABSOLUTE
    ../clib/microlib/init/entry.s            0x00000000   Number         0  entry9b.o ABSOLUTE
    ../clib/microlib/init/entry.s            0x00000000   Number         0  entry10b.o ABSOLUTE
    ../clib/microlib/init/entry.s            0x00000000   Number         0  entry8a.o ABSOLUTE
    ../clib/microlib/init/entry.s            0x00000000   Number         0  entry10a.o ABSOLUTE
    ../clib/microlib/init/entry.s            0x00000000   Number         0  entry11a.o ABSOLUTE
    ../clib/microlib/init/entry.s            0x00000000   Number         0  entry9a.o ABSOLUTE
    ../clib/microlib/init/entry.s            0x00000000   Number         0  entry8b.o ABSOLUTE
    ../clib/microlib/init/entry.s            0x00000000   Number         0  entry2.o ABSOLUTE
    ../clib/microlib/init/entry.s            0x00000000   Number         0  entry5.o ABSOLUTE
    ../clib/microlib/init/entry.s            0x00000000   Number         0  entry7a.o ABSOLUTE
    ../clib/microlib/init/entry.s            0x00000000   Number         0  entry7b.o ABSOLUTE
    ../clib/microlib/init/entry.s            0x00000000   Number         0  entry.o ABSOLUTE
    ../clib/microlib/longlong.c              0x00000000   Number         0  llshl.o ABSOLUTE
    ../clib/microlib/longlong.c              0x00000000   Number         0  llushr.o ABSOLUTE
    ../clib/microlib/longlong.c              0x00000000   Number         0  llsshr.o ABSOLUTE
    ../clib/microlib/stubs.s                 0x00000000   Number         0  iusefp.o ABSOLUTE
    ../fplib/microlib/fpadd.c                0x00000000   Number         0  dadd.o ABSOLUTE
    ../fplib/microlib/fpdiv.c                0x00000000   Number         0  ddiv.o ABSOLUTE
    ../fplib/microlib/fpepilogue.c           0x00000000   Number         0  depilogue.o ABSOLUTE
    ../fplib/microlib/fpfix.c                0x00000000   Number         0  dfixi.o ABSOLUTE
    ../fplib/microlib/fpfix.c                0x00000000   Number         0  dfixui.o ABSOLUTE
    ../fplib/microlib/fpflt.c                0x00000000   Number         0  dflti.o ABSOLUTE
    ../fplib/microlib/fpflt.c                0x00000000   Number         0  dfltui.o ABSOLUTE
    ../fplib/microlib/fpmul.c                0x00000000   Number         0  dmul.o ABSOLUTE
    APP\communicate\communicate.c            0x00000000   Number         0  communicate.o ABSOLUTE
    APP\encoder\encoder.c                    0x00000000   Number         0  encoder.o ABSOLUTE
    APP\led\led.c                            0x00000000   Number         0  led.o ABSOLUTE
    APP\pid\pid.c                            0x00000000   Number         0  pid.o ABSOLUTE
    APP\pwm\pwm_motor.c                      0x00000000   Number         0  pwm_motor.o ABSOLUTE
    Libraries\CMSIS\core_cm3.c               0x00000000   Number         0  core_cm3.o ABSOLUTE
    Libraries\CMSIS\startup_stm32f10x_hd.s   0x00000000   Number         0  startup_stm32f10x_hd.o ABSOLUTE
    Libraries\CMSIS\system_stm32f10x.c       0x00000000   Number         0  system_stm32f10x.o ABSOLUTE
    Libraries\STM32F10x_StdPeriph_Driver\src\misc.c 0x00000000   Number         0  misc.o ABSOLUTE
    Libraries\STM32F10x_StdPeriph_Driver\src\stm32f10x_exti.c 0x00000000   Number         0  stm32f10x_exti.o ABSOLUTE
    Libraries\STM32F10x_StdPeriph_Driver\src\stm32f10x_gpio.c 0x00000000   Number         0  stm32f10x_gpio.o ABSOLUTE
    Libraries\STM32F10x_StdPeriph_Driver\src\stm32f10x_rcc.c 0x00000000   Number         0  stm32f10x_rcc.o ABSOLUTE
    Libraries\STM32F10x_StdPeriph_Driver\src\stm32f10x_tim.c 0x00000000   Number         0  stm32f10x_tim.o ABSOLUTE
    Libraries\STM32F10x_StdPeriph_Driver\src\stm32f10x_usart.c 0x00000000   Number         0  stm32f10x_usart.o ABSOLUTE
    Libraries\\CMSIS\\core_cm3.c             0x00000000   Number         0  core_cm3.o ABSOLUTE
    Public\SysTick.c                         0x00000000   Number         0  systick.o ABSOLUTE
    Public\system.c                          0x00000000   Number         0  system.o ABSOLUTE
    Public\usart.c                           0x00000000   Number         0  usart.o ABSOLUTE
    User\main.c                              0x00000000   Number         0  main.o ABSOLUTE
    User\stm32f10x_it.c                      0x00000000   Number         0  stm32f10x_it.o ABSOLUTE
    dc.s                                     0x00000000   Number         0  dc.o ABSOLUTE
    handlers.s                               0x00000000   Number         0  handlers.o ABSOLUTE
    init.s                                   0x00000000   Number         0  init.o ABSOLUTE
    RESET                                    0x08000000   Section      304  startup_stm32f10x_hd.o(RESET)
    .ARM.Collect$$$$00000000                 0x08000130   Section        0  entry.o(.ARM.Collect$$$$00000000)
    .ARM.Collect$$$$00000001                 0x08000130   Section        4  entry2.o(.ARM.Collect$$$$00000001)
    .ARM.Collect$$$$00000004                 0x08000134   Section        4  entry5.o(.ARM.Collect$$$$00000004)
    .ARM.Collect$$$$00000008                 0x08000138   Section        0  entry7b.o(.ARM.Collect$$$$00000008)
    .ARM.Collect$$$$0000000A                 0x08000138   Section        0  entry8b.o(.ARM.Collect$$$$0000000A)
    .ARM.Collect$$$$0000000B                 0x08000138   Section        8  entry9a.o(.ARM.Collect$$$$0000000B)
    .ARM.Collect$$$$0000000D                 0x08000140   Section        0  entry10a.o(.ARM.Collect$$$$0000000D)
    .ARM.Collect$$$$0000000F                 0x08000140   Section        0  entry11a.o(.ARM.Collect$$$$0000000F)
    .ARM.Collect$$$$00002712                 0x08000140   Section        4  entry2.o(.ARM.Collect$$$$00002712)
    __lit__00000000                          0x08000140   Data           4  entry2.o(.ARM.Collect$$$$00002712)
    .text                                    0x08000144   Section       36  startup_stm32f10x_hd.o(.text)
    .text                                    0x08000168   Section        0  dadd.o(.text)
    .text                                    0x080002b6   Section        0  dmul.o(.text)
    .text                                    0x0800039a   Section        0  ddiv.o(.text)
    .text                                    0x08000478   Section        0  dflti.o(.text)
    .text                                    0x0800049a   Section        0  dfltui.o(.text)
    .text                                    0x080004b4   Section        0  dfixi.o(.text)
    .text                                    0x080004f2   Section        0  dfixui.o(.text)
    .text                                    0x08000524   Section        0  llshl.o(.text)
    .text                                    0x08000542   Section        0  llushr.o(.text)
    .text                                    0x08000562   Section        0  llsshr.o(.text)
    .text                                    0x08000586   Section        0  depilogue.o(.text)
    .text                                    0x08000586   Section        0  iusefp.o(.text)
    .text                                    0x08000640   Section       36  init.o(.text)
    i.BusFault_Handler                       0x08000664   Section        0  stm32f10x_it.o(i.BusFault_Handler)
    i.Communicate_init                       0x08000668   Section        0  communicate.o(i.Communicate_init)
    i.DebugMon_Handler                       0x08000708   Section        0  stm32f10x_it.o(i.DebugMon_Handler)
    i.Encoder_Init_TIM4                      0x0800070c   Section        0  encoder.o(i.Encoder_Init_TIM4)
    i.GPIO_Init                              0x080007b0   Section        0  stm32f10x_gpio.o(i.GPIO_Init)
    i.GPIO_ResetBits                         0x080008c6   Section        0  stm32f10x_gpio.o(i.GPIO_ResetBits)
    i.Get_Motor_Speed                        0x080008cc   Section        0  encoder.o(i.Get_Motor_Speed)
    i.HardFault_Handler                      0x08000908   Section        0  stm32f10x_it.o(i.HardFault_Handler)
    i.MemManage_Handler                      0x0800090c   Section        0  stm32f10x_it.o(i.MemManage_Handler)
    i.Motor_Init                             0x08000910   Section        0  pwm_motor.o(i.Motor_Init)
    i.NMI_Handler                            0x080009f4   Section        0  stm32f10x_it.o(i.NMI_Handler)
    i.NVIC_Init                              0x080009f8   Section        0  misc.o(i.NVIC_Init)
    i.NVIC_PriorityGroupConfig               0x08000a68   Section        0  misc.o(i.NVIC_PriorityGroupConfig)
    i.PID_Init                               0x08000a7c   Section        0  pid.o(i.PID_Init)
    i.PID_common                             0x08000ab0   Section        0  pid.o(i.PID_common)
    i.PendSV_Handler                         0x08000b00   Section        0  stm32f10x_it.o(i.PendSV_Handler)
    i.Pid_Ctrl                               0x08000b04   Section        0  pid.o(i.Pid_Ctrl)
    i.Pid_Which                              0x08000b38   Section        0  pid.o(i.Pid_Which)
    i.RCC_APB1PeriphClockCmd                 0x08000b68   Section        0  stm32f10x_rcc.o(i.RCC_APB1PeriphClockCmd)
    i.RCC_APB2PeriphClockCmd                 0x08000b88   Section        0  stm32f10x_rcc.o(i.RCC_APB2PeriphClockCmd)
    i.RCC_GetClocksFreq                      0x08000ba8   Section        0  stm32f10x_rcc.o(i.RCC_GetClocksFreq)
    i.SVC_Handler                            0x08000c7c   Section        0  stm32f10x_it.o(i.SVC_Handler)
    i.Servo_Init                             0x08000c80   Section        0  pwm_motor.o(i.Servo_Init)
    i.SetSysClock                            0x08000d10   Section        0  system_stm32f10x.o(i.SetSysClock)
    SetSysClock                              0x08000d11   Thumb Code     8  system_stm32f10x.o(i.SetSysClock)
    i.SetSysClockTo72                        0x08000d18   Section        0  system_stm32f10x.o(i.SetSysClockTo72)
    SetSysClockTo72                          0x08000d19   Thumb Code   214  system_stm32f10x.o(i.SetSysClockTo72)
    i.Set_Angle                              0x08000df8   Section        0  pwm_motor.o(i.Set_Angle)
    i.Set_Speed                              0x08000e58   Section        0  pwm_motor.o(i.Set_Speed)
    i.SysTick_CLKSourceConfig                0x08000e90   Section        0  misc.o(i.SysTick_CLKSourceConfig)
    i.SysTick_Handler                        0x08000eb8   Section        0  stm32f10x_it.o(i.SysTick_Handler)
    i.SysTick_Init                           0x08000ebc   Section        0  systick.o(i.SysTick_Init)
    i.SystemInit                             0x08000ef8   Section        0  system_stm32f10x.o(i.SystemInit)
    i.TI1_Config                             0x08000f58   Section        0  stm32f10x_tim.o(i.TI1_Config)
    TI1_Config                               0x08000f59   Thumb Code   108  stm32f10x_tim.o(i.TI1_Config)
    i.TI2_Config                             0x08000fd8   Section        0  stm32f10x_tim.o(i.TI2_Config)
    TI2_Config                               0x08000fd9   Thumb Code   130  stm32f10x_tim.o(i.TI2_Config)
    i.TI3_Config                             0x08001070   Section        0  stm32f10x_tim.o(i.TI3_Config)
    TI3_Config                               0x08001071   Thumb Code   122  stm32f10x_tim.o(i.TI3_Config)
    i.TI4_Config                             0x08001100   Section        0  stm32f10x_tim.o(i.TI4_Config)
    TI4_Config                               0x08001101   Thumb Code   130  stm32f10x_tim.o(i.TI4_Config)
    i.TIM3_IRQHandler                        0x08001198   Section        0  main.o(i.TIM3_IRQHandler)
    i.TIM_ARRPreloadConfig                   0x0800123c   Section        0  stm32f10x_tim.o(i.TIM_ARRPreloadConfig)
    i.TIM_ClearFlag                          0x08001254   Section        0  stm32f10x_tim.o(i.TIM_ClearFlag)
    i.TIM_ClearITPendingBit                  0x0800125a   Section        0  stm32f10x_tim.o(i.TIM_ClearITPendingBit)
    i.TIM_Cmd                                0x08001260   Section        0  stm32f10x_tim.o(i.TIM_Cmd)
    i.TIM_EncoderInterfaceConfig             0x08001278   Section        0  stm32f10x_tim.o(i.TIM_EncoderInterfaceConfig)
    i.TIM_GetITStatus                        0x080012ba   Section        0  stm32f10x_tim.o(i.TIM_GetITStatus)
    i.TIM_ICInit                             0x080012dc   Section        0  stm32f10x_tim.o(i.TIM_ICInit)
    i.TIM_ICStructInit                       0x08001388   Section        0  stm32f10x_tim.o(i.TIM_ICStructInit)
    i.TIM_ITConfig                           0x0800139a   Section        0  stm32f10x_tim.o(i.TIM_ITConfig)
    i.TIM_OC1Init                            0x080013ac   Section        0  stm32f10x_tim.o(i.TIM_OC1Init)
    i.TIM_OC1PreloadConfig                   0x08001444   Section        0  stm32f10x_tim.o(i.TIM_OC1PreloadConfig)
    i.TIM_SetCompare1                        0x08001456   Section        0  stm32f10x_tim.o(i.TIM_SetCompare1)
    i.TIM_SetCompare2                        0x0800145a   Section        0  stm32f10x_tim.o(i.TIM_SetCompare2)
    i.TIM_SetCounter                         0x0800145e   Section        0  stm32f10x_tim.o(i.TIM_SetCounter)
    i.TIM_SetIC1Prescaler                    0x08001462   Section        0  stm32f10x_tim.o(i.TIM_SetIC1Prescaler)
    i.TIM_SetIC2Prescaler                    0x08001474   Section        0  stm32f10x_tim.o(i.TIM_SetIC2Prescaler)
    i.TIM_SetIC3Prescaler                    0x0800148e   Section        0  stm32f10x_tim.o(i.TIM_SetIC3Prescaler)
    i.TIM_SetIC4Prescaler                    0x080014a0   Section        0  stm32f10x_tim.o(i.TIM_SetIC4Prescaler)
    i.TIM_TimeBaseInit                       0x080014bc   Section        0  stm32f10x_tim.o(i.TIM_TimeBaseInit)
    i.TIM_TimeBaseStructInit                 0x08001560   Section        0  stm32f10x_tim.o(i.TIM_TimeBaseStructInit)
    i.USART1_IRQHandler                      0x08001574   Section        0  main.o(i.USART1_IRQHandler)
    i.USART_ClearITPendingBit                0x080015ac   Section        0  stm32f10x_usart.o(i.USART_ClearITPendingBit)
    i.USART_Cmd                              0x080015ca   Section        0  stm32f10x_usart.o(i.USART_Cmd)
    i.USART_GetITStatus                      0x080015e2   Section        0  stm32f10x_usart.o(i.USART_GetITStatus)
    i.USART_ITConfig                         0x08001636   Section        0  stm32f10x_usart.o(i.USART_ITConfig)
    i.USART_Init                             0x08001680   Section        0  stm32f10x_usart.o(i.USART_Init)
    i.USART_ReceiveData                      0x08001758   Section        0  stm32f10x_usart.o(i.USART_ReceiveData)
    i.USART_Send_String                      0x08001764   Section        0  communicate.o(i.USART_Send_String)
    i.UsageFault_Handler                     0x08001798   Section        0  stm32f10x_it.o(i.UsageFault_Handler)
    i.__scatterload_copy                     0x0800179c   Section       14  handlers.o(i.__scatterload_copy)
    i.__scatterload_null                     0x080017aa   Section        2  handlers.o(i.__scatterload_null)
    i.__scatterload_zeroinit                 0x080017ac   Section       14  handlers.o(i.__scatterload_zeroinit)
    i.getCrc8                                0x080017ba   Section        0  communicate.o(i.getCrc8)
    i.getTIMx_DetaCnt                        0x080017f2   Section        0  encoder.o(i.getTIMx_DetaCnt)
    i.main                                   0x080017fe   Section        0  main.o(i.main)
    i.reset_Uk                               0x08001844   Section        0  pid.o(i.reset_Uk)
    i.usartReceiveOneData                    0x08001850   Section        0  communicate.o(i.usartReceiveOneData)
    i.usartSendData                          0x08001a20   Section        0  communicate.o(i.usartSendData)
    .constdata                               0x08001abc   Section        4  communicate.o(.constdata)
    .data                                    0x20000000   Section        8  main.o(.data)
    i                                        0x20000004   Data           4  main.o(.data)
    .data                                    0x20000008   Section       20  stm32f10x_rcc.o(.data)
    APBAHBPrescTable                         0x20000008   Data          16  stm32f10x_rcc.o(.data)
    ADCPrescTable                            0x20000018   Data           4  stm32f10x_rcc.o(.data)
    .data                                    0x2000001c   Section       20  pwm_motor.o(.data)
    .data                                    0x20000030   Section       24  communicate.o(.data)
    checkSum                                 0x2000003a   Data           1  communicate.o(.data)
    USARTBufferIndex                         0x2000003b   Data           1  communicate.o(.data)
    j                                        0x2000003c   Data           2  communicate.o(.data)
    k                                        0x2000003e   Data           2  communicate.o(.data)
    USARTReceiverFront                       0x20000040   Data           1  communicate.o(.data)
    Start_Flag                               0x20000041   Data           1  communicate.o(.data)
    dataLength                               0x20000042   Data           2  communicate.o(.data)
    length                                   0x20000044   Data           4  communicate.o(.data)
    .data                                    0x20000048   Section        4  systick.o(.data)
    fac_us                                   0x20000048   Data           1  systick.o(.data)
    fac_ms                                   0x2000004a   Data           2  systick.o(.data)
    .bss                                     0x2000004c   Section       36  pid.o(.bss)
    .bss                                     0x20000070   Section       16  communicate.o(.bss)
    STACK                                    0x20000080   Section     1024  startup_stm32f10x_hd.o(STACK)

    Global Symbols

    Symbol Name                              Value     Ov Type        Size  Object(Section)

    BuildAttributes$$THM_ISAv4$P$D$K$B$S$PE$A:L22UL41UL21$X:L11$S22US41US21$IEEE1$IW$USESV6$~STKCKD$USESV7$~SHL$OSPACE$ROPI$EBA8$MICROLIB$REQ8$PRES8$EABIv2 0x00000000   Number         0  anon$$obj.o ABSOLUTE
    __ARM_use_no_argv                        0x00000000   Number         0  main.o ABSOLUTE
    __cpp_initialize__aeabi_                  - Undefined Weak Reference
    __cxa_finalize                            - Undefined Weak Reference
    __decompress                              - Undefined Weak Reference
    _clock_init                               - Undefined Weak Reference
    _microlib_exit                            - Undefined Weak Reference
    __Vectors_Size                           0x00000130   Number         0  startup_stm32f10x_hd.o ABSOLUTE
    __Vectors                                0x08000000   Data           4  startup_stm32f10x_hd.o(RESET)
    __Vectors_End                            0x08000130   Data           0  startup_stm32f10x_hd.o(RESET)
    __main                                   0x08000131   Thumb Code     0  entry.o(.ARM.Collect$$$$00000000)
    _main_stk                                0x08000131   Thumb Code     0  entry2.o(.ARM.Collect$$$$00000001)
    _main_scatterload                        0x08000135   Thumb Code     0  entry5.o(.ARM.Collect$$$$00000004)
    __main_after_scatterload                 0x08000139   Thumb Code     0  entry5.o(.ARM.Collect$$$$00000004)
    _main_clock                              0x08000139   Thumb Code     0  entry7b.o(.ARM.Collect$$$$00000008)
    _main_cpp_init                           0x08000139   Thumb Code     0  entry8b.o(.ARM.Collect$$$$0000000A)
    _main_init                               0x08000139   Thumb Code     0  entry9a.o(.ARM.Collect$$$$0000000B)
    __rt_final_cpp                           0x08000141   Thumb Code     0  entry10a.o(.ARM.Collect$$$$0000000D)
    __rt_final_exit                          0x08000141   Thumb Code     0  entry11a.o(.ARM.Collect$$$$0000000F)
    Reset_Handler                            0x08000145   Thumb Code     8  startup_stm32f10x_hd.o(.text)
    ADC1_2_IRQHandler                        0x0800015f   Thumb Code     0  startup_stm32f10x_hd.o(.text)
    ADC3_IRQHandler                          0x0800015f   Thumb Code     0  startup_stm32f10x_hd.o(.text)
    CAN1_RX1_IRQHandler                      0x0800015f   Thumb Code     0  startup_stm32f10x_hd.o(.text)
    CAN1_SCE_IRQHandler                      0x0800015f   Thumb Code     0  startup_stm32f10x_hd.o(.text)
    DMA1_Channel1_IRQHandler                 0x0800015f   Thumb Code     0  startup_stm32f10x_hd.o(.text)
    DMA1_Channel2_IRQHandler                 0x0800015f   Thumb Code     0  startup_stm32f10x_hd.o(.text)
    DMA1_Channel3_IRQHandler                 0x0800015f   Thumb Code     0  startup_stm32f10x_hd.o(.text)
    DMA1_Channel4_IRQHandler                 0x0800015f   Thumb Code     0  startup_stm32f10x_hd.o(.text)
    DMA1_Channel5_IRQHandler                 0x0800015f   Thumb Code     0  startup_stm32f10x_hd.o(.text)
    DMA1_Channel6_IRQHandler                 0x0800015f   Thumb Code     0  startup_stm32f10x_hd.o(.text)
    DMA1_Channel7_IRQHandler                 0x0800015f   Thumb Code     0  startup_stm32f10x_hd.o(.text)
    DMA2_Channel1_IRQHandler                 0x0800015f   Thumb Code     0  startup_stm32f10x_hd.o(.text)
    DMA2_Channel2_IRQHandler                 0x0800015f   Thumb Code     0  startup_stm32f10x_hd.o(.text)
    DMA2_Channel3_IRQHandler                 0x0800015f   Thumb Code     0  startup_stm32f10x_hd.o(.text)
    DMA2_Channel4_5_IRQHandler               0x0800015f   Thumb Code     0  startup_stm32f10x_hd.o(.text)
    EXTI0_IRQHandler                         0x0800015f   Thumb Code     0  startup_stm32f10x_hd.o(.text)
    EXTI15_10_IRQHandler                     0x0800015f   Thumb Code     0  startup_stm32f10x_hd.o(.text)
    EXTI1_IRQHandler                         0x0800015f   Thumb Code     0  startup_stm32f10x_hd.o(.text)
    EXTI2_IRQHandler                         0x0800015f   Thumb Code     0  startup_stm32f10x_hd.o(.text)
    EXTI3_IRQHandler                         0x0800015f   Thumb Code     0  startup_stm32f10x_hd.o(.text)
    EXTI4_IRQHandler                         0x0800015f   Thumb Code     0  startup_stm32f10x_hd.o(.text)
    EXTI9_5_IRQHandler                       0x0800015f   Thumb Code     0  startup_stm32f10x_hd.o(.text)
    FLASH_IRQHandler                         0x0800015f   Thumb Code     0  startup_stm32f10x_hd.o(.text)
    FSMC_IRQHandler                          0x0800015f   Thumb Code     0  startup_stm32f10x_hd.o(.text)
    I2C1_ER_IRQHandler                       0x0800015f   Thumb Code     0  startup_stm32f10x_hd.o(.text)
    I2C1_EV_IRQHandler                       0x0800015f   Thumb Code     0  startup_stm32f10x_hd.o(.text)
    I2C2_ER_IRQHandler                       0x0800015f   Thumb Code     0  startup_stm32f10x_hd.o(.text)
    I2C2_EV_IRQHandler                       0x0800015f   Thumb Code     0  startup_stm32f10x_hd.o(.text)
    PVD_IRQHandler                           0x0800015f   Thumb Code     0  startup_stm32f10x_hd.o(.text)
    RCC_IRQHandler                           0x0800015f   Thumb Code     0  startup_stm32f10x_hd.o(.text)
    RTCAlarm_IRQHandler                      0x0800015f   Thumb Code     0  startup_stm32f10x_hd.o(.text)
    RTC_IRQHandler                           0x0800015f   Thumb Code     0  startup_stm32f10x_hd.o(.text)
    SDIO_IRQHandler                          0x0800015f   Thumb Code     0  startup_stm32f10x_hd.o(.text)
    SPI1_IRQHandler                          0x0800015f   Thumb Code     0  startup_stm32f10x_hd.o(.text)
    SPI2_IRQHandler                          0x0800015f   Thumb Code     0  startup_stm32f10x_hd.o(.text)
    SPI3_IRQHandler                          0x0800015f   Thumb Code     0  startup_stm32f10x_hd.o(.text)
    TAMPER_IRQHandler                        0x0800015f   Thumb Code     0  startup_stm32f10x_hd.o(.text)
    TIM1_BRK_IRQHandler                      0x0800015f   Thumb Code     0  startup_stm32f10x_hd.o(.text)
    TIM1_CC_IRQHandler                       0x0800015f   Thumb Code     0  startup_stm32f10x_hd.o(.text)
    TIM1_TRG_COM_IRQHandler                  0x0800015f   Thumb Code     0  startup_stm32f10x_hd.o(.text)
    TIM1_UP_IRQHandler                       0x0800015f   Thumb Code     0  startup_stm32f10x_hd.o(.text)
    TIM2_IRQHandler                          0x0800015f   Thumb Code     0  startup_stm32f10x_hd.o(.text)
    TIM4_IRQHandler                          0x0800015f   Thumb Code     0  startup_stm32f10x_hd.o(.text)
    TIM5_IRQHandler                          0x0800015f   Thumb Code     0  startup_stm32f10x_hd.o(.text)
    TIM6_IRQHandler                          0x0800015f   Thumb Code     0  startup_stm32f10x_hd.o(.text)
    TIM7_IRQHandler                          0x0800015f   Thumb Code     0  startup_stm32f10x_hd.o(.text)
    TIM8_BRK_IRQHandler                      0x0800015f   Thumb Code     0  startup_stm32f10x_hd.o(.text)
    TIM8_CC_IRQHandler                       0x0800015f   Thumb Code     0  startup_stm32f10x_hd.o(.text)
    TIM8_TRG_COM_IRQHandler                  0x0800015f   Thumb Code     0  startup_stm32f10x_hd.o(.text)
    TIM8_UP_IRQHandler                       0x0800015f   Thumb Code     0  startup_stm32f10x_hd.o(.text)
    UART4_IRQHandler                         0x0800015f   Thumb Code     0  startup_stm32f10x_hd.o(.text)
    UART5_IRQHandler                         0x0800015f   Thumb Code     0  startup_stm32f10x_hd.o(.text)
    USART2_IRQHandler                        0x0800015f   Thumb Code     0  startup_stm32f10x_hd.o(.text)
    USART3_IRQHandler                        0x0800015f   Thumb Code     0  startup_stm32f10x_hd.o(.text)
    USBWakeUp_IRQHandler                     0x0800015f   Thumb Code     0  startup_stm32f10x_hd.o(.text)
    USB_HP_CAN1_TX_IRQHandler                0x0800015f   Thumb Code     0  startup_stm32f10x_hd.o(.text)
    USB_LP_CAN1_RX0_IRQHandler               0x0800015f   Thumb Code     0  startup_stm32f10x_hd.o(.text)
    WWDG_IRQHandler                          0x0800015f   Thumb Code     0  startup_stm32f10x_hd.o(.text)
    __aeabi_dadd                             0x08000169   Thumb Code   322  dadd.o(.text)
    __aeabi_dsub                             0x080002ab   Thumb Code     6  dadd.o(.text)
    __aeabi_drsub                            0x080002b1   Thumb Code     6  dadd.o(.text)
    __aeabi_dmul                             0x080002b7   Thumb Code   228  dmul.o(.text)
    __aeabi_ddiv                             0x0800039b   Thumb Code   222  ddiv.o(.text)
    __aeabi_i2d                              0x08000479   Thumb Code    34  dflti.o(.text)
    __aeabi_ui2d                             0x0800049b   Thumb Code    26  dfltui.o(.text)
    __aeabi_d2iz                             0x080004b5   Thumb Code    62  dfixi.o(.text)
    __aeabi_d2uiz                            0x080004f3   Thumb Code    50  dfixui.o(.text)
    __aeabi_llsl                             0x08000525   Thumb Code    30  llshl.o(.text)
    _ll_shift_l                              0x08000525   Thumb Code     0  llshl.o(.text)
    __aeabi_llsr                             0x08000543   Thumb Code    32  llushr.o(.text)
    _ll_ushift_r                             0x08000543   Thumb Code     0  llushr.o(.text)
    __aeabi_lasr                             0x08000563   Thumb Code    36  llsshr.o(.text)
    _ll_sshift_r                             0x08000563   Thumb Code     0  llsshr.o(.text)
    __I$use$fp                               0x08000587   Thumb Code     0  iusefp.o(.text)
    _double_round                            0x08000587   Thumb Code    30  depilogue.o(.text)
    _double_epilogue                         0x080005a5   Thumb Code   156  depilogue.o(.text)
    __scatterload                            0x08000641   Thumb Code    28  init.o(.text)
    __scatterload_rt2                        0x08000641   Thumb Code     0  init.o(.text)
    BusFault_Handler                         0x08000665   Thumb Code     4  stm32f10x_it.o(i.BusFault_Handler)
    Communicate_init                         0x08000669   Thumb Code   152  communicate.o(i.Communicate_init)
    DebugMon_Handler                         0x08000709   Thumb Code     2  stm32f10x_it.o(i.DebugMon_Handler)
    Encoder_Init_TIM4                        0x0800070d   Thumb Code   156  encoder.o(i.Encoder_Init_TIM4)
    GPIO_Init                                0x080007b1   Thumb Code   278  stm32f10x_gpio.o(i.GPIO_Init)
    GPIO_ResetBits                           0x080008c7   Thumb Code     4  stm32f10x_gpio.o(i.GPIO_ResetBits)
    Get_Motor_Speed                          0x080008cd   Thumb Code    48  encoder.o(i.Get_Motor_Speed)
    HardFault_Handler                        0x08000909   Thumb Code     4  stm32f10x_it.o(i.HardFault_Handler)
    MemManage_Handler                        0x0800090d   Thumb Code     4  stm32f10x_it.o(i.MemManage_Handler)
    Motor_Init                               0x08000911   Thumb Code   220  pwm_motor.o(i.Motor_Init)
    NMI_Handler                              0x080009f5   Thumb Code     2  stm32f10x_it.o(i.NMI_Handler)
    NVIC_Init                                0x080009f9   Thumb Code   100  misc.o(i.NVIC_Init)
    NVIC_PriorityGroupConfig                 0x08000a69   Thumb Code    10  misc.o(i.NVIC_PriorityGroupConfig)
    PID_Init                                 0x08000a7d   Thumb Code    42  pid.o(i.PID_Init)
    PID_common                               0x08000ab1   Thumb Code    80  pid.o(i.PID_common)
    PendSV_Handler                           0x08000b01   Thumb Code     2  stm32f10x_it.o(i.PendSV_Handler)
    Pid_Ctrl                                 0x08000b05   Thumb Code    48  pid.o(i.Pid_Ctrl)
    Pid_Which                                0x08000b39   Thumb Code    48  pid.o(i.Pid_Which)
    RCC_APB1PeriphClockCmd                   0x08000b69   Thumb Code    26  stm32f10x_rcc.o(i.RCC_APB1PeriphClockCmd)
    RCC_APB2PeriphClockCmd                   0x08000b89   Thumb Code    26  stm32f10x_rcc.o(i.RCC_APB2PeriphClockCmd)
    RCC_GetClocksFreq                        0x08000ba9   Thumb Code   192  stm32f10x_rcc.o(i.RCC_GetClocksFreq)
    SVC_Handler                              0x08000c7d   Thumb Code     2  stm32f10x_it.o(i.SVC_Handler)
    Servo_Init                               0x08000c81   Thumb Code   140  pwm_motor.o(i.Servo_Init)
    Set_Angle                                0x08000df9   Thumb Code    80  pwm_motor.o(i.Set_Angle)
    Set_Speed                                0x08000e59   Thumb Code    42  pwm_motor.o(i.Set_Speed)
    SysTick_CLKSourceConfig                  0x08000e91   Thumb Code    40  misc.o(i.SysTick_CLKSourceConfig)
    SysTick_Handler                          0x08000eb9   Thumb Code     2  stm32f10x_it.o(i.SysTick_Handler)
    SysTick_Init                             0x08000ebd   Thumb Code    52  systick.o(i.SysTick_Init)
    SystemInit                               0x08000ef9   Thumb Code    78  system_stm32f10x.o(i.SystemInit)
    TIM3_IRQHandler                          0x08001199   Thumb Code   122  main.o(i.TIM3_IRQHandler)
    TIM_ARRPreloadConfig                     0x0800123d   Thumb Code    24  stm32f10x_tim.o(i.TIM_ARRPreloadConfig)
    TIM_ClearFlag                            0x08001255   Thumb Code     6  stm32f10x_tim.o(i.TIM_ClearFlag)
    TIM_ClearITPendingBit                    0x0800125b   Thumb Code     6  stm32f10x_tim.o(i.TIM_ClearITPendingBit)
    TIM_Cmd                                  0x08001261   Thumb Code    24  stm32f10x_tim.o(i.TIM_Cmd)
    TIM_EncoderInterfaceConfig               0x08001279   Thumb Code    66  stm32f10x_tim.o(i.TIM_EncoderInterfaceConfig)
    TIM_GetITStatus                          0x080012bb   Thumb Code    34  stm32f10x_tim.o(i.TIM_GetITStatus)
    TIM_ICInit                               0x080012dd   Thumb Code   150  stm32f10x_tim.o(i.TIM_ICInit)
    TIM_ICStructInit                         0x08001389   Thumb Code    18  stm32f10x_tim.o(i.TIM_ICStructInit)
    TIM_ITConfig                             0x0800139b   Thumb Code    18  stm32f10x_tim.o(i.TIM_ITConfig)
    TIM_OC1Init                              0x080013ad   Thumb Code   132  stm32f10x_tim.o(i.TIM_OC1Init)
    TIM_OC1PreloadConfig                     0x08001445   Thumb Code    18  stm32f10x_tim.o(i.TIM_OC1PreloadConfig)
    TIM_SetCompare1                          0x08001457   Thumb Code     4  stm32f10x_tim.o(i.TIM_SetCompare1)
    TIM_SetCompare2                          0x0800145b   Thumb Code     4  stm32f10x_tim.o(i.TIM_SetCompare2)
    TIM_SetCounter                           0x0800145f   Thumb Code     4  stm32f10x_tim.o(i.TIM_SetCounter)
    TIM_SetIC1Prescaler                      0x08001463   Thumb Code    18  stm32f10x_tim.o(i.TIM_SetIC1Prescaler)
    TIM_SetIC2Prescaler                      0x08001475   Thumb Code    26  stm32f10x_tim.o(i.TIM_SetIC2Prescaler)
    TIM_SetIC3Prescaler                      0x0800148f   Thumb Code    18  stm32f10x_tim.o(i.TIM_SetIC3Prescaler)
    TIM_SetIC4Prescaler                      0x080014a1   Thumb Code    26  stm32f10x_tim.o(i.TIM_SetIC4Prescaler)
    TIM_TimeBaseInit                         0x080014bd   Thumb Code   122  stm32f10x_tim.o(i.TIM_TimeBaseInit)
    TIM_TimeBaseStructInit                   0x08001561   Thumb Code    18  stm32f10x_tim.o(i.TIM_TimeBaseStructInit)
    USART1_IRQHandler                        0x08001575   Thumb Code    38  main.o(i.USART1_IRQHandler)
    USART_ClearITPendingBit                  0x080015ad   Thumb Code    30  stm32f10x_usart.o(i.USART_ClearITPendingBit)
    USART_Cmd                                0x080015cb   Thumb Code    24  stm32f10x_usart.o(i.USART_Cmd)
    USART_GetITStatus                        0x080015e3   Thumb Code    84  stm32f10x_usart.o(i.USART_GetITStatus)
    USART_ITConfig                           0x08001637   Thumb Code    74  stm32f10x_usart.o(i.USART_ITConfig)
    USART_Init                               0x08001681   Thumb Code   210  stm32f10x_usart.o(i.USART_Init)
    USART_ReceiveData                        0x08001759   Thumb Code    10  stm32f10x_usart.o(i.USART_ReceiveData)
    USART_Send_String                        0x08001765   Thumb Code    48  communicate.o(i.USART_Send_String)
    UsageFault_Handler                       0x08001799   Thumb Code     4  stm32f10x_it.o(i.UsageFault_Handler)
    __scatterload_copy                       0x0800179d   Thumb Code    14  handlers.o(i.__scatterload_copy)
    __scatterload_null                       0x080017ab   Thumb Code     2  handlers.o(i.__scatterload_null)
    __scatterload_zeroinit                   0x080017ad   Thumb Code    14  handlers.o(i.__scatterload_zeroinit)
    getCrc8                                  0x080017bb   Thumb Code    56  communicate.o(i.getCrc8)
    getTIMx_DetaCnt                          0x080017f3   Thumb Code    12  encoder.o(i.getTIMx_DetaCnt)
    main                                     0x080017ff   Thumb Code    70  main.o(i.main)
    reset_Uk                                 0x08001845   Thumb Code    10  pid.o(i.reset_Uk)
    usartReceiveOneData                      0x08001851   Thumb Code   420  communicate.o(i.usartReceiveOneData)
    usartSendData                            0x08001a21   Thumb Code   140  communicate.o(i.usartSendData)
    header                                   0x08001abc   Data           2  communicate.o(.constdata)
    ender                                    0x08001abe   Data           2  communicate.o(.constdata)
    Region$$Table$$Base                      0x08001ac0   Number         0  anon$$obj.o(Region$$Table)
    Region$$Table$$Limit                     0x08001ae0   Number         0  anon$$obj.o(Region$$Table)
    p                                        0x20000000   Data           4  main.o(.data)
    pwmNow                                   0x2000001c   Data           4  pwm_motor.o(.data)
    speedNow                                 0x20000020   Data           4  pwm_motor.o(.data)
    speedSet                                 0x20000024   Data           4  pwm_motor.o(.data)
    servoNow                                 0x20000028   Data           4  pwm_motor.o(.data)
    servoSet                                 0x2000002c   Data           4  pwm_motor.o(.data)
    sendCtrlFlag                             0x20000030   Data           1  communicate.o(.data)
    receCtrlFlag                             0x20000031   Data           1  communicate.o(.data)
    velNow                                   0x20000032   Data           2  communicate.o(.data)
    angleNow                                 0x20000034   Data           2  communicate.o(.data)
    velSet                                   0x20000036   Data           2  communicate.o(.data)
    angleSet                                 0x20000038   Data           2  communicate.o(.data)
    pid_Task                                 0x2000004c   Data          36  pid.o(.bss)
    receiveBuff                              0x20000070   Data          16  communicate.o(.bss)
    __initial_sp                             0x20000480   Data           0  startup_stm32f10x_hd.o(STACK)



==============================================================================

Memory Map of the image

  Image Entry point : 0x08000131

  Load Region LR_IROM1 (Base: 0x08000000, Size: 0x00001b2c, Max: 0x00010000, ABSOLUTE)

    Execution Region ER_IROM1 (Base: 0x08000000, Size: 0x00001ae0, Max: 0x00010000, ABSOLUTE)

    Base Addr    Size         Type   Attr      Idx    E Section Name        Object

    0x08000000   0x00000130   Data   RO          231    RESET               startup_stm32f10x_hd.o
    0x08000130   0x00000000   Code   RO         1636  * .ARM.Collect$$$$00000000  mc_w.l(entry.o)
    0x08000130   0x00000004   Code   RO         1653    .ARM.Collect$$$$00000001  mc_w.l(entry2.o)
    0x08000134   0x00000004   Code   RO         1656    .ARM.Collect$$$$00000004  mc_w.l(entry5.o)
    0x08000138   0x00000000   Code   RO         1658    .ARM.Collect$$$$00000008  mc_w.l(entry7b.o)
    0x08000138   0x00000000   Code   RO         1660    .ARM.Collect$$$$0000000A  mc_w.l(entry8b.o)
    0x08000138   0x00000008   Code   RO         1661    .ARM.Collect$$$$0000000B  mc_w.l(entry9a.o)
    0x08000140   0x00000000   Code   RO         1663    .ARM.Collect$$$$0000000D  mc_w.l(entry10a.o)
    0x08000140   0x00000000   Code   RO         1665    .ARM.Collect$$$$0000000F  mc_w.l(entry11a.o)
    0x08000140   0x00000004   Code   RO         1654    .ARM.Collect$$$$00002712  mc_w.l(entry2.o)
    0x08000144   0x00000024   Code   RO          232    .text               startup_stm32f10x_hd.o
    0x08000168   0x0000014e   Code   RO         1639    .text               mf_w.l(dadd.o)
    0x080002b6   0x000000e4   Code   RO         1641    .text               mf_w.l(dmul.o)
    0x0800039a   0x000000de   Code   RO         1643    .text               mf_w.l(ddiv.o)
    0x08000478   0x00000022   Code   RO         1645    .text               mf_w.l(dflti.o)
    0x0800049a   0x0000001a   Code   RO         1647    .text               mf_w.l(dfltui.o)
    0x080004b4   0x0000003e   Code   RO         1649    .text               mf_w.l(dfixi.o)
    0x080004f2   0x00000032   Code   RO         1651    .text               mf_w.l(dfixui.o)
    0x08000524   0x0000001e   Code   RO         1667    .text               mc_w.l(llshl.o)
    0x08000542   0x00000020   Code   RO         1669    .text               mc_w.l(llushr.o)
    0x08000562   0x00000024   Code   RO         1671    .text               mc_w.l(llsshr.o)
    0x08000586   0x00000000   Code   RO         1673    .text               mc_w.l(iusefp.o)
    0x08000586   0x000000ba   Code   RO         1674    .text               mf_w.l(depilogue.o)
    0x08000640   0x00000024   Code   RO         1676    .text               mc_w.l(init.o)
    0x08000664   0x00000004   Code   RO          144    i.BusFault_Handler  stm32f10x_it.o
    0x08000668   0x000000a0   Code   RO         1533    i.Communicate_init  communicate.o
    0x08000708   0x00000002   Code   RO          145    i.DebugMon_Handler  stm32f10x_it.o
    0x0800070a   0x00000002   PAD
    0x0800070c   0x000000a4   Code   RO         1464    i.Encoder_Init_TIM4  encoder.o
    0x080007b0   0x00000116   Code   RO          243    i.GPIO_Init         stm32f10x_gpio.o
    0x080008c6   0x00000004   Code   RO          250    i.GPIO_ResetBits    stm32f10x_gpio.o
    0x080008ca   0x00000002   PAD
    0x080008cc   0x0000003c   Code   RO         1465    i.Get_Motor_Speed   encoder.o
    0x08000908   0x00000004   Code   RO          146    i.HardFault_Handler  stm32f10x_it.o
    0x0800090c   0x00000004   Code   RO          147    i.MemManage_Handler  stm32f10x_it.o
    0x08000910   0x000000e4   Code   RO         1428    i.Motor_Init        pwm_motor.o
    0x080009f4   0x00000002   Code   RO          148    i.NMI_Handler       stm32f10x_it.o
    0x080009f6   0x00000002   PAD
    0x080009f8   0x00000070   Code   RO          551    i.NVIC_Init         misc.o
    0x08000a68   0x00000014   Code   RO          552    i.NVIC_PriorityGroupConfig  misc.o
    0x08000a7c   0x00000034   Code   RO         1491    i.PID_Init          pid.o
    0x08000ab0   0x00000050   Code   RO         1492    i.PID_common        pid.o
    0x08000b00   0x00000002   Code   RO          149    i.PendSV_Handler    stm32f10x_it.o
    0x08000b02   0x00000002   PAD
    0x08000b04   0x00000034   Code   RO         1493    i.Pid_Ctrl          pid.o
    0x08000b38   0x00000030   Code   RO         1494    i.Pid_Which         pid.o
    0x08000b68   0x00000020   Code   RO          353    i.RCC_APB1PeriphClockCmd  stm32f10x_rcc.o
    0x08000b88   0x00000020   Code   RO          355    i.RCC_APB2PeriphClockCmd  stm32f10x_rcc.o
    0x08000ba8   0x000000d4   Code   RO          363    i.RCC_GetClocksFreq  stm32f10x_rcc.o
    0x08000c7c   0x00000002   Code   RO          150    i.SVC_Handler       stm32f10x_it.o
    0x08000c7e   0x00000002   PAD
    0x08000c80   0x00000090   Code   RO         1429    i.Servo_Init        pwm_motor.o
    0x08000d10   0x00000008   Code   RO         1369    i.SetSysClock       system_stm32f10x.o
    0x08000d18   0x000000e0   Code   RO         1370    i.SetSysClockTo72   system_stm32f10x.o
    0x08000df8   0x00000060   Code   RO         1430    i.Set_Angle         pwm_motor.o
    0x08000e58   0x00000038   Code   RO         1431    i.Set_Speed         pwm_motor.o
    0x08000e90   0x00000028   Code   RO          555    i.SysTick_CLKSourceConfig  misc.o
    0x08000eb8   0x00000002   Code   RO          151    i.SysTick_Handler   stm32f10x_it.o
    0x08000eba   0x00000002   PAD
    0x08000ebc   0x0000003c   Code   RO         1586    i.SysTick_Init      systick.o
    0x08000ef8   0x00000060   Code   RO         1372    i.SystemInit        system_stm32f10x.o
    0x08000f58   0x00000080   Code   RO          641    i.TI1_Config        stm32f10x_tim.o
    0x08000fd8   0x00000098   Code   RO          642    i.TI2_Config        stm32f10x_tim.o
    0x08001070   0x00000090   Code   RO          643    i.TI3_Config        stm32f10x_tim.o
    0x08001100   0x00000098   Code   RO          644    i.TI4_Config        stm32f10x_tim.o
    0x08001198   0x000000a4   Code   RO            1    i.TIM3_IRQHandler   main.o
    0x0800123c   0x00000018   Code   RO          645    i.TIM_ARRPreloadConfig  stm32f10x_tim.o
    0x08001254   0x00000006   Code   RO          651    i.TIM_ClearFlag     stm32f10x_tim.o
    0x0800125a   0x00000006   Code   RO          652    i.TIM_ClearITPendingBit  stm32f10x_tim.o
    0x08001260   0x00000018   Code   RO          657    i.TIM_Cmd           stm32f10x_tim.o
    0x08001278   0x00000042   Code   RO          666    i.TIM_EncoderInterfaceConfig  stm32f10x_tim.o
    0x080012ba   0x00000022   Code   RO          678    i.TIM_GetITStatus   stm32f10x_tim.o
    0x080012dc   0x000000ac   Code   RO          680    i.TIM_ICInit        stm32f10x_tim.o
    0x08001388   0x00000012   Code   RO          681    i.TIM_ICStructInit  stm32f10x_tim.o
    0x0800139a   0x00000012   Code   RO          682    i.TIM_ITConfig      stm32f10x_tim.o
    0x080013ac   0x00000098   Code   RO          686    i.TIM_OC1Init       stm32f10x_tim.o
    0x08001444   0x00000012   Code   RO          689    i.TIM_OC1PreloadConfig  stm32f10x_tim.o
    0x08001456   0x00000004   Code   RO          718    i.TIM_SetCompare1   stm32f10x_tim.o
    0x0800145a   0x00000004   Code   RO          719    i.TIM_SetCompare2   stm32f10x_tim.o
    0x0800145e   0x00000004   Code   RO          722    i.TIM_SetCounter    stm32f10x_tim.o
    0x08001462   0x00000012   Code   RO          723    i.TIM_SetIC1Prescaler  stm32f10x_tim.o
    0x08001474   0x0000001a   Code   RO          724    i.TIM_SetIC2Prescaler  stm32f10x_tim.o
    0x0800148e   0x00000012   Code   RO          725    i.TIM_SetIC3Prescaler  stm32f10x_tim.o
    0x080014a0   0x0000001a   Code   RO          726    i.TIM_SetIC4Prescaler  stm32f10x_tim.o
    0x080014ba   0x00000002   PAD
    0x080014bc   0x000000a4   Code   RO          728    i.TIM_TimeBaseInit  stm32f10x_tim.o
    0x08001560   0x00000012   Code   RO          729    i.TIM_TimeBaseStructInit  stm32f10x_tim.o
    0x08001572   0x00000002   PAD
    0x08001574   0x00000038   Code   RO            2    i.USART1_IRQHandler  main.o
    0x080015ac   0x0000001e   Code   RO         1190    i.USART_ClearITPendingBit  stm32f10x_usart.o
    0x080015ca   0x00000018   Code   RO         1193    i.USART_Cmd         stm32f10x_usart.o
    0x080015e2   0x00000054   Code   RO         1197    i.USART_GetITStatus  stm32f10x_usart.o
    0x08001636   0x0000004a   Code   RO         1199    i.USART_ITConfig    stm32f10x_usart.o
    0x08001680   0x000000d8   Code   RO         1200    i.USART_Init        stm32f10x_usart.o
    0x08001758   0x0000000a   Code   RO         1207    i.USART_ReceiveData  stm32f10x_usart.o
    0x08001762   0x00000002   PAD
    0x08001764   0x00000034   Code   RO         1534    i.USART_Send_String  communicate.o
    0x08001798   0x00000004   Code   RO          152    i.UsageFault_Handler  stm32f10x_it.o
    0x0800179c   0x0000000e   Code   RO         1680    i.__scatterload_copy  mc_w.l(handlers.o)
    0x080017aa   0x00000002   Code   RO         1681    i.__scatterload_null  mc_w.l(handlers.o)
    0x080017ac   0x0000000e   Code   RO         1682    i.__scatterload_zeroinit  mc_w.l(handlers.o)
    0x080017ba   0x00000038   Code   RO         1535    i.getCrc8           communicate.o
    0x080017f2   0x0000000c   Code   RO         1466    i.getTIMx_DetaCnt   encoder.o
    0x080017fe   0x00000046   Code   RO            3    i.main              main.o
    0x08001844   0x0000000a   Code   RO         1495    i.reset_Uk          pid.o
    0x0800184e   0x00000002   PAD
    0x08001850   0x000001d0   Code   RO         1536    i.usartReceiveOneData  communicate.o
    0x08001a20   0x0000009c   Code   RO         1537    i.usartSendData     communicate.o
    0x08001abc   0x00000004   Data   RO         1539    .constdata          communicate.o
    0x08001ac0   0x00000020   Data   RO         1678    Region$$Table       anon$$obj.o


    Execution Region RW_IRAM1 (Base: 0x20000000, Size: 0x00000480, Max: 0x00005000, ABSOLUTE)

    Base Addr    Size         Type   Attr      Idx    E Section Name        Object

    0x20000000   0x00000008   Data   RW            4    .data               main.o
    0x20000008   0x00000014   Data   RW          383    .data               stm32f10x_rcc.o
    0x2000001c   0x00000014   Data   RW         1432    .data               pwm_motor.o
    0x20000030   0x00000018   Data   RW         1540    .data               communicate.o
    0x20000048   0x00000004   Data   RW         1589    .data               systick.o
    0x2000004c   0x00000024   Zero   RW         1496    .bss                pid.o
    0x20000070   0x00000010   Zero   RW         1538    .bss                communicate.o
    0x20000080   0x00000400   Zero   RW          229    STACK               startup_stm32f10x_hd.o


==============================================================================

Image component sizes


      Code (inc. data)   RO Data    RW Data    ZI Data      Debug   Object Name

       888         72          4         24         16       5028   communicate.o
       236         20          0          0          0       2008   encoder.o
       290         60          0          8          0     253125   main.o
       172         22          0          0          0       2177   misc.o
       242         14          0          0         36       3433   pid.o
       524         42          0         20          0       2903   pwm_motor.o
        36          8        304          0       1024        828   startup_stm32f10x_hd.o
       282          0          0          0          0       2589   stm32f10x_gpio.o
        26          0          0          0          0       3694   stm32f10x_it.o
       276         32          0         20          0       4566   stm32f10x_rcc.o
      1396        170          0          0          0      16053   stm32f10x_tim.o
       438          6          0          0          0       5816   stm32f10x_usart.o
       328         28          0          0          0       1889   system_stm32f10x.o
        60          8          0          4          0        679   systick.o

    ----------------------------------------------------------------------
      5214        482        340         76       1076     304788   Object Totals
         0          0         32          0          0          0   (incl. Generated)
        20          0          0          0          0          0   (incl. Padding)

    ----------------------------------------------------------------------

      Code (inc. data)   RO Data    RW Data    ZI Data      Debug   Library Member Name

         0          0          0          0          0          0   entry.o
         0          0          0          0          0          0   entry10a.o
         0          0          0          0          0          0   entry11a.o
         8          4          0          0          0          0   entry2.o
         4          0          0          0          0          0   entry5.o
         0          0          0          0          0          0   entry7b.o
         0          0          0          0          0          0   entry8b.o
         8          4          0          0          0          0   entry9a.o
        30          0          0          0          0          0   handlers.o
        36          8          0          0          0         68   init.o
         0          0          0          0          0          0   iusefp.o
        30          0          0          0          0         68   llshl.o
        36          0          0          0          0         68   llsshr.o
        32          0          0          0          0         68   llushr.o
       334          0          0          0          0        148   dadd.o
       222          0          0          0          0        100   ddiv.o
       186          0          0          0          0        176   depilogue.o
        62          0          0          0          0         80   dfixi.o
        50          0          0          0          0         76   dfixui.o
        34          0          0          0          0         76   dflti.o
        26          0          0          0          0         76   dfltui.o
       228          0          0          0          0         96   dmul.o

    ----------------------------------------------------------------------
      1326         16          0          0          0       1100   Library Totals
         0          0          0          0          0          0   (incl. Padding)

    ----------------------------------------------------------------------

      Code (inc. data)   RO Data    RW Data    ZI Data      Debug   Library Name

       184         16          0          0          0        272   mc_w.l
      1142          0          0          0          0        828   mf_w.l

    ----------------------------------------------------------------------
      1326         16          0          0          0       1100   Library Totals

    ----------------------------------------------------------------------

==============================================================================


      Code (inc. data)   RO Data    RW Data    ZI Data      Debug   

      6540        498        340         76       1076     301984   Grand Totals
      6540        498        340         76       1076     301984   ELF Image Totals
      6540        498        340         76          0          0   ROM Totals

==============================================================================

    Total RO  Size (Code + RO Data)                 6880 (   6.72kB)
    Total RW  Size (RW Data + ZI Data)              1152 (   1.13kB)
    Total ROM Size (Code + RO Data + RW Data)       6956 (   6.79kB)

==============================================================================

